The file "test/ex3.arg" exists.
The file "test/ex3.arg" exists.
